Transcription Result

Full Transcription:
 This is a test of the Media Analyzer transcription system. The quick brown fox jumps over the lazy dog.

Summary:
 This is a test of the Media Analyzer transcription system. The quick brown fox jumps over the lazy dog.

Metadata:
Confidence: 72.03%
Duration: 7.68 seconds
Processing Time: 0.84 seconds
Language: en
Sample Rate: 24000 Hz
Channels: 1
